
  Determining projects to restore...
C:\Users\tgraf\source\repos\MessagePack-CSharp\src\MessagePack.MSBuild.Tasks\MessagePack.MSBuild.Tasks.csproj : warning NU1701: Package 'Microsoft.Build 18.0.2' was restored using '.NETFramework,Version=v4.6.1, .NETFramework,Version=v4.6.2, .NETFramework,Version=v4.7, .NETFramework,Version=v4.7.1, .NETFramework,Version=v4.7.2, .NETFramework,Version=v4.8, .NETFramework,Version=v4.8.1' instead of the project target framework 'net9.0'. This package may not be fully compatible with your project. [C:\Users\tgraf\source\repos\MessagePack-CSharp\MessagePack.sln]
C:\Users\tgraf\source\repos\MessagePack-CSharp\src\MessagePack.MSBuild.Tasks\MessagePack.MSBuild.Tasks.csproj : warning NU1701: Package 'Microsoft.IO.Redist 6.1.0' was restored using '.NETFramework,Version=v4.6.1, .NETFramework,Version=v4.6.2, .NETFramework,Version=v4.7, .NETFramework,Version=v4.7.1, .NETFramework,Version=v4.7.2, .NETFramework,Version=v4.8, .NETFramework,Version=v4.8.1' instead of the project target framework 'net9.0'. This package may not be fully compatible with your project. [C:\Users\tgraf\source\repos\MessagePack-CSharp\MessagePack.sln]
C:\Users\tgraf\source\repos\MessagePack-CSharp\src\MessagePack.Generator\MessagePack.Generator.csproj : warning NU1701: Package 'Microsoft.Build 18.0.2' was restored using '.NETFramework,Version=v4.6.1, .NETFramework,Version=v4.6.2, .NETFramework,Version=v4.7, .NETFramework,Version=v4.7.1, .NETFramework,Version=v4.7.2, .NETFramework,Version=v4.8, .NETFramework,Version=v4.8.1' instead of the project target framework 'net9.0'. This package may not be fully compatible with your project. [C:\Users\tgraf\source\repos\MessagePack-CSharp\MessagePack.sln]
C:\Users\tgraf\source\repos\MessagePack-CSharp\src\MessagePack.Generator\MessagePack.Generator.csproj : warning NU1701: Package 'Microsoft.IO.Redist 6.1.0' was restored using '.NETFramework,Version=v4.6.1, .NETFramework,Version=v4.6.2, .NETFramework,Version=v4.7, .NETFramework,Version=v4.7.1, .NETFramework,Version=v4.7.2, .NETFramework,Version=v4.8, .NETFramework,Version=v4.8.1' instead of the project target framework 'net9.0'. This package may not be fully compatible with your project. [C:\Users\tgraf\source\repos\MessagePack-CSharp\MessagePack.sln]
  All projects are up-to-date for restore.
C:\Users\tgraf\source\repos\MessagePack-CSharp\src\MessagePack.MSBuild.Tasks\MessagePack.MSBuild.Tasks.csproj : warning NU1701: Package 'Microsoft.Build 18.0.2' was restored using '.NETFramework,Version=v4.6.1, .NETFramework,Version=v4.6.2, .NETFramework,Version=v4.7, .NETFramework,Version=v4.7.1, .NETFramework,Version=v4.7.2, .NETFramework,Version=v4.8, .NETFramework,Version=v4.8.1' instead of the project target framework 'net9.0'. This package may not be fully compatible with your project.
C:\Users\tgraf\source\repos\MessagePack-CSharp\src\MessagePack.MSBuild.Tasks\MessagePack.MSBuild.Tasks.csproj : warning NU1701: Package 'Microsoft.IO.Redist 6.1.0' was restored using '.NETFramework,Version=v4.6.1, .NETFramework,Version=v4.6.2, .NETFramework,Version=v4.7, .NETFramework,Version=v4.7.1, .NETFramework,Version=v4.7.2, .NETFramework,Version=v4.8, .NETFramework,Version=v4.8.1' instead of the project target framework 'net9.0'. This package may not be fully compatible with your project.
C:\Users\tgraf\source\repos\MessagePack-CSharp\src\MessagePack.Generator\MessagePack.Generator.csproj : warning NU1701: Package 'Microsoft.Build 18.0.2' was restored using '.NETFramework,Version=v4.6.1, .NETFramework,Version=v4.6.2, .NETFramework,Version=v4.7, .NETFramework,Version=v4.7.1, .NETFramework,Version=v4.7.2, .NETFramework,Version=v4.8, .NETFramework,Version=v4.8.1' instead of the project target framework 'net9.0'. This package may not be fully compatible with your project.
C:\Users\tgraf\source\repos\MessagePack-CSharp\src\MessagePack.Generator\MessagePack.Generator.csproj : warning NU1701: Package 'Microsoft.IO.Redist 6.1.0' was restored using '.NETFramework,Version=v4.6.1, .NETFramework,Version=v4.6.2, .NETFramework,Version=v4.7, .NETFramework,Version=v4.7.1, .NETFramework,Version=v4.7.2, .NETFramework,Version=v4.8, .NETFramework,Version=v4.8.1' instead of the project target framework 'net9.0'. This package may not be fully compatible with your project.
  MessagePack.Internal -> C:\Users\tgraf\source\repos\MessagePack-CSharp\bin\MessagePack.Internal\Debug\net9.0\MessagePack.Internal.dll
  TestData2 -> C:\Users\tgraf\source\repos\MessagePack-CSharp\bin\TestData2\Debug\net9.0\TestData2.dll
  MessagePackAnalyzer -> C:\Users\tgraf\source\repos\MessagePack-CSharp\bin\MessagePackAnalyzer\Debug\net9.0\MessagePackAnalyzer.dll
  DynamicCodeDumper -> C:\Users\tgraf\source\repos\MessagePack-CSharp\bin\DynamicCodeDumper\Debug\net9.0\DynamicCodeDumper.dll
  MessagePack.Annotations -> C:\Users\tgraf\source\repos\MessagePack-CSharp\bin\MessagePack.Annotations\Debug\net9.0\MessagePack.Annotations.dll
  MessagePack.Internal.Tests -> C:\Users\tgraf\source\repos\MessagePack-CSharp\bin\MessagePack.Internal.Tests\Debug\net9.0\MessagePack.Internal.Tests.dll
  MessagePackAnalyzer.Tests -> C:\Users\tgraf\source\repos\MessagePack-CSharp\bin\MessagePackAnalyzer.Tests\Debug\net9.0\MessagePackAnalyzer.Tests.dll
  MessagePack -> C:\Users\tgraf\source\repos\MessagePack-CSharp\bin\MessagePack\Debug\net9.0\MessagePack.dll
  MessagePack.ImmutableCollection -> C:\Users\tgraf\source\repos\MessagePack-CSharp\bin\MessagePack.ImmutableCollection\Debug\net9.0\MessagePack.ImmutableCollection.dll
  MessagePack.ReactiveProperty -> C:\Users\tgraf\source\repos\MessagePack-CSharp\bin\MessagePack.ReactiveProperty\Debug\net9.0\MessagePack.ReactiveProperty.dll
  MessagePack.Experimental -> C:\Users\tgraf\source\repos\MessagePack-CSharp\bin\MessagePack.Experimental\Debug\net9.0\MessagePack.Experimental.dll
  SharedData -> C:\Users\tgraf\source\repos\MessagePack-CSharp\bin\SharedData\Debug\net9.0\SharedData.dll
  MessagePack.AspNetCoreMvcFormatter -> C:\Users\tgraf\source\repos\MessagePack-CSharp\bin\MessagePack.AspNetCoreMvcFormatter\Debug\net9.0\MessagePack.AspNetCoreMvcFormatter.dll
  SerializerBenchmark -> C:\Users\tgraf\source\repos\MessagePack-CSharp\bin\SerializerBenchmark\Debug\net9.0\SerializerBenchmark.dll
  MessagePack.GeneratorCore -> C:\Users\tgraf\source\repos\MessagePack-CSharp\bin\MessagePack.GeneratorCore\Debug\net9.0\MessagePack.GeneratorCore.dll
  PerfNetFramework -> C:\Users\tgraf\source\repos\MessagePack-CSharp\bin\PerfNetFramework\Debug\net9.0\PerfNetFramework.dll
  PerfBenchmarkDotNet -> C:\Users\tgraf\source\repos\MessagePack-CSharp\bin\PerfBenchmarkDotNet\Debug\net9.0\PerfBenchmarkDotNet.dll
  Consider app.config remapping of assembly "MessagePack, Culture=neutral, PublicKeyToken=b4a0369545f0a1be" from Version "2.1.0.0" [C:\Users\tgraf\source\repos\MessagePack-CSharp\benchmark\ExperimentalBenchmark\MessagePack_2_1_165.dll] to Version "3.1.0.0" [C:\Users\tgraf\source\repos\MessagePack-CSharp\bin\MessagePack\Debug\net9.0\MessagePack.dll] to solve conflict and get rid of warning.
c:\program files\dotnet\sdk\9.0.306\Microsoft.Common.CurrentVersion.targets(2433,5): warning MSB3245: Could not resolve this reference. Could not locate the assembly "Microsoft.CSharp". Check to make sure the assembly exists on disk. If this reference is required by your code, you may get compilation errors. [C:\Users\tgraf\source\repos\MessagePack-CSharp\tests\MessagePack.Tests\MessagePack.Tests.csproj]
c:\program files\dotnet\sdk\9.0.306\Microsoft.Common.CurrentVersion.targets(2433,5): warning MSB3243: No way to resolve conflict between "Microsoft.CSharp, Version=9.0.0.0, Culture=neutral, PublicKeyToken=b03f5f7f11d50a3a" and "Microsoft.CSharp". Choosing "Microsoft.CSharp, Version=9.0.0.0, Culture=neutral, PublicKeyToken=b03f5f7f11d50a3a" arbitrarily. [C:\Users\tgraf\source\repos\MessagePack-CSharp\tests\MessagePack.Tests\MessagePack.Tests.csproj]
  ExperimentalBenchmark -> C:\Users\tgraf\source\repos\MessagePack-CSharp\bin\ExperimentalBenchmark\Debug\net9.0\ExperimentalBenchmark.dll
  MessagePack.MSBuild.Tasks -> C:\Users\tgraf\source\repos\MessagePack-CSharp\bin\MessagePack.MSBuild.Tasks\Debug\net9.0\MessagePack.MSBuild.Tasks.dll
  MessagePack.Tests -> C:\Users\tgraf\source\repos\MessagePack-CSharp\bin\MessagePack.Tests\Debug\net9.0\MessagePack.Tests.dll
  MessagePack.Generator.Tests -> C:\Users\tgraf\source\repos\MessagePack-CSharp\bin\MessagePack.Generator.Tests\Debug\net9.0\MessagePack.Generator.Tests.dll
  MessagePack.Generator -> C:\Users\tgraf\source\repos\MessagePack-CSharp\bin\MessagePack.Generator\Debug\net9.0\mpc.dll
  MessagePack.Experimental.Tests -> C:\Users\tgraf\source\repos\MessagePack-CSharp\bin\MessagePack.Experimental.Tests\Debug\net9.0\MessagePack.Experimental.Tests.dll
  MessagePack.AspNetCoreMvcFormatter.Tests -> C:\Users\tgraf\source\repos\MessagePack-CSharp\bin\MessagePack.AspNetCoreMvcFormatter.Tests\Debug\net9.0\MessagePack.AspNetCoreMvcFormatter.Tests.dll
C:\Users\tgraf\source\repos\MessagePack-CSharp\sandbox\Sandbox\Program.cs(22,7): error CS0246: The type or namespace name 'UnityEngine' could not be found (are you missing a using directive or an assembly reference?) [C:\Users\tgraf\source\repos\MessagePack-CSharp\sandbox\Sandbox\Sandbox.csproj]
C:\Users\tgraf\source\repos\MessagePack-CSharp\sandbox\Sandbox\Program.cs(60,21): warning CS8767: Nullability of reference types in type of parameter 'other' of 'bool Person.Equals(Person other)' doesn't match implicitly implemented member 'bool IEquatable<Person>.Equals(Person? other)' (possibly because of nullability attributes). [C:\Users\tgraf\source\repos\MessagePack-CSharp\sandbox\Sandbox\Sandbox.csproj]

Build FAILED.

C:\Users\tgraf\source\repos\MessagePack-CSharp\src\MessagePack.MSBuild.Tasks\MessagePack.MSBuild.Tasks.csproj : warning NU1701: Package 'Microsoft.Build 18.0.2' was restored using '.NETFramework,Version=v4.6.1, .NETFramework,Version=v4.6.2, .NETFramework,Version=v4.7, .NETFramework,Version=v4.7.1, .NETFramework,Version=v4.7.2, .NETFramework,Version=v4.8, .NETFramework,Version=v4.8.1' instead of the project target framework 'net9.0'. This package may not be fully compatible with your project. [C:\Users\tgraf\source\repos\MessagePack-CSharp\MessagePack.sln]
C:\Users\tgraf\source\repos\MessagePack-CSharp\src\MessagePack.MSBuild.Tasks\MessagePack.MSBuild.Tasks.csproj : warning NU1701: Package 'Microsoft.IO.Redist 6.1.0' was restored using '.NETFramework,Version=v4.6.1, .NETFramework,Version=v4.6.2, .NETFramework,Version=v4.7, .NETFramework,Version=v4.7.1, .NETFramework,Version=v4.7.2, .NETFramework,Version=v4.8, .NETFramework,Version=v4.8.1' instead of the project target framework 'net9.0'. This package may not be fully compatible with your project. [C:\Users\tgraf\source\repos\MessagePack-CSharp\MessagePack.sln]
C:\Users\tgraf\source\repos\MessagePack-CSharp\src\MessagePack.Generator\MessagePack.Generator.csproj : warning NU1701: Package 'Microsoft.Build 18.0.2' was restored using '.NETFramework,Version=v4.6.1, .NETFramework,Version=v4.6.2, .NETFramework,Version=v4.7, .NETFramework,Version=v4.7.1, .NETFramework,Version=v4.7.2, .NETFramework,Version=v4.8, .NETFramework,Version=v4.8.1' instead of the project target framework 'net9.0'. This package may not be fully compatible with your project. [C:\Users\tgraf\source\repos\MessagePack-CSharp\MessagePack.sln]
C:\Users\tgraf\source\repos\MessagePack-CSharp\src\MessagePack.Generator\MessagePack.Generator.csproj : warning NU1701: Package 'Microsoft.IO.Redist 6.1.0' was restored using '.NETFramework,Version=v4.6.1, .NETFramework,Version=v4.6.2, .NETFramework,Version=v4.7, .NETFramework,Version=v4.7.1, .NETFramework,Version=v4.7.2, .NETFramework,Version=v4.8, .NETFramework,Version=v4.8.1' instead of the project target framework 'net9.0'. This package may not be fully compatible with your project. [C:\Users\tgraf\source\repos\MessagePack-CSharp\MessagePack.sln]
C:\Users\tgraf\source\repos\MessagePack-CSharp\src\MessagePack.MSBuild.Tasks\MessagePack.MSBuild.Tasks.csproj : warning NU1701: Package 'Microsoft.Build 18.0.2' was restored using '.NETFramework,Version=v4.6.1, .NETFramework,Version=v4.6.2, .NETFramework,Version=v4.7, .NETFramework,Version=v4.7.1, .NETFramework,Version=v4.7.2, .NETFramework,Version=v4.8, .NETFramework,Version=v4.8.1' instead of the project target framework 'net9.0'. This package may not be fully compatible with your project.
C:\Users\tgraf\source\repos\MessagePack-CSharp\src\MessagePack.MSBuild.Tasks\MessagePack.MSBuild.Tasks.csproj : warning NU1701: Package 'Microsoft.IO.Redist 6.1.0' was restored using '.NETFramework,Version=v4.6.1, .NETFramework,Version=v4.6.2, .NETFramework,Version=v4.7, .NETFramework,Version=v4.7.1, .NETFramework,Version=v4.7.2, .NETFramework,Version=v4.8, .NETFramework,Version=v4.8.1' instead of the project target framework 'net9.0'. This package may not be fully compatible with your project.
C:\Users\tgraf\source\repos\MessagePack-CSharp\src\MessagePack.Generator\MessagePack.Generator.csproj : warning NU1701: Package 'Microsoft.Build 18.0.2' was restored using '.NETFramework,Version=v4.6.1, .NETFramework,Version=v4.6.2, .NETFramework,Version=v4.7, .NETFramework,Version=v4.7.1, .NETFramework,Version=v4.7.2, .NETFramework,Version=v4.8, .NETFramework,Version=v4.8.1' instead of the project target framework 'net9.0'. This package may not be fully compatible with your project.
C:\Users\tgraf\source\repos\MessagePack-CSharp\src\MessagePack.Generator\MessagePack.Generator.csproj : warning NU1701: Package 'Microsoft.IO.Redist 6.1.0' was restored using '.NETFramework,Version=v4.6.1, .NETFramework,Version=v4.6.2, .NETFramework,Version=v4.7, .NETFramework,Version=v4.7.1, .NETFramework,Version=v4.7.2, .NETFramework,Version=v4.8, .NETFramework,Version=v4.8.1' instead of the project target framework 'net9.0'. This package may not be fully compatible with your project.
c:\program files\dotnet\sdk\9.0.306\Microsoft.Common.CurrentVersion.targets(2433,5): warning MSB3245: Could not resolve this reference. Could not locate the assembly "Microsoft.CSharp". Check to make sure the assembly exists on disk. If this reference is required by your code, you may get compilation errors. [C:\Users\tgraf\source\repos\MessagePack-CSharp\tests\MessagePack.Tests\MessagePack.Tests.csproj]
c:\program files\dotnet\sdk\9.0.306\Microsoft.Common.CurrentVersion.targets(2433,5): warning MSB3243: No way to resolve conflict between "Microsoft.CSharp, Version=9.0.0.0, Culture=neutral, PublicKeyToken=b03f5f7f11d50a3a" and "Microsoft.CSharp". Choosing "Microsoft.CSharp, Version=9.0.0.0, Culture=neutral, PublicKeyToken=b03f5f7f11d50a3a" arbitrarily. [C:\Users\tgraf\source\repos\MessagePack-CSharp\tests\MessagePack.Tests\MessagePack.Tests.csproj]
C:\Users\tgraf\source\repos\MessagePack-CSharp\sandbox\Sandbox\Program.cs(60,21): warning CS8767: Nullability of reference types in type of parameter 'other' of 'bool Person.Equals(Person other)' doesn't match implicitly implemented member 'bool IEquatable<Person>.Equals(Person? other)' (possibly because of nullability attributes). [C:\Users\tgraf\source\repos\MessagePack-CSharp\sandbox\Sandbox\Sandbox.csproj]
C:\Users\tgraf\source\repos\MessagePack-CSharp\sandbox\Sandbox\Program.cs(22,7): error CS0246: The type or namespace name 'UnityEngine' could not be found (are you missing a using directive or an assembly reference?) [C:\Users\tgraf\source\repos\MessagePack-CSharp\sandbox\Sandbox\Sandbox.csproj]
    11 Warning(s)
    1 Error(s)

Time Elapsed 00:00:04.43
